[2026-08-27 13:56:21] client-001 -> ls -la
[2026-08-27 14:02:23] client-001 -> ls -la
[2026-08-27 14:05:10] client-001 -> ls -la
[2026-08-27 14:05:44] client-001 -> whoami
[2026-08-27 14:06:46] client-001 -> clear
[2026-08-27 14:07:04] client-001 -> type history.log
[2026-08-27 14:19:31] client-002 -> ls -la
[2026-08-27 14:27:11] client-002 -> ls -la
[2026-08-27 14:30:49] client-001 -> ls -la
[2026-08-27 14:38:53] client-001 -> ls -la
[2026-08-27 14:40:17] client-002 -> ls -la
[2026-08-27 14:41:02] client-002 -> type history.log
[2026-09-07 18:50:57] client-001 -> whoami && hostname && ver
[2026-09-07 18:54:54] client-001 -> whoami && hostname && ver
[2026-09-07 19:02:31] client-001 -> whoami && hostname && ver
[2026-09-07 19:05:47] client-001 -> whoami && hostname && ver
[2026-09-07 19:15:13] client-001 -> whoami && hostname && ver
[2026-09-07 19:16:42] client-001 -> whoami
[2026-09-07 19:21:35] client-001 -> whoami && hostname && ver
[2026-09-07 19:23:55] client-001 -> ipconfig && systeminfo | findstr /i "OS Name"
[2026-09-07 19:36:28] client-001 -> ipconfig && systeminfo | findstr /i "OS Name
[2026-09-07 19:37:03] client-001 -> ipconfig && systeminfo | findstr /i "OS Name"
[2026-09-07 19:37:57] client-001 -> tasklist | findstr /i "go"
[2026-09-07 19:38:44] client-001 -> dir C:\ && echo OK || echo FAIL
[2026-09-07 19:44:49] client-001 -> dir C:\ && echo OK || echo FAIL
[2026-09-07 19:47:15] client-001 -> dir C:\ && echo OK || echo FAIL
[2026-09-07 19:52:22] client-001 -> dir C:\ && echo OK || echo FAIL
[2026-09-07 19:54:58] client-001 -> dir C:\ && echo OK || echo FAIL
[2026-09-07 19:56:47] client-001 -> dir C:\ && echo OK || echo FAIL
[2026-09-07 19:59:50] client-001 -> dir C:\ && echo OK || FAIL
[2026-09-07 20:17:27] client-001 -> whoami && hostname && ver
[2026-09-07 20:17:51] client-001 -> dir C:\ && echo OK || echo FAIL
[2026-09-07 20:18:32] client-001 -> ipconfig && systeminfo | findstr /i "OS Name"
[2026-09-07 20:19:05] client-001 -> tasklist | findstr /i "go"
[2026-09-07 20:24:08] client-001 -> tasklist | findstr /i "go"
[2026-09-07 20:25:01] client-001 -> dir C:\ && echo OK || echo FAIL
[2026-09-07 20:25:32] client-001 -> ipconfig && systeminfo | findstr /i "OS Name"
[2026-09-11 14:12:09] client-001 -> whoami && hostname && ver
[2026-09-11 14:12:48] client-001 -> dir C:\ && echo  ok || echo FAIL
[2026-09-11 14:16:17] client-001 -> whoami && hostname && ver
[2026-09-11 14:16:49] client-001 -> dir C:\ && echo OK || echo FAIL
[2026-09-11 14:22:21] client-001 -> whoami && hostname && ver
[2026-09-11 14:23:19] client-001 -> dir C:\ && echo OK || echo FAIL
[2026-09-11 14:39:13] client-001 -> whoami && hostname && ver
[2026-09-11 14:39:34] client-001 -> dir C:\ && echo OK | echo FAIL
[2026-09-11 14:40:07] client-001 -> ipconfig && systeminfo | findstr /i "OS Name"
[2026-09-11 14:40:38] client-001 -> tasklist | findstr /i "go"
[2026-09-11 14:41:13] client-001 -> tasklist | findstr /i "go"
[2026-09-11 14:46:41] client-001 -> tasklist | findstr /i "go"
[2026-09-11 14:47:05] client-001 -> whoami && hostname && ver
[2026-09-11 14:47:22] client-001 -> dir C:\ && echo OK || echo FAIL
[2026-09-11 14:47:59] client-001 -> ipconfig && systeminfo | findstr /i "OS Name"
[2026-09-11 14:50:34] client-001 -> ipconfig && systeminfo | findstr /i "OS Name"
[2026-09-11 14:51:05] client-001 -> tasklist | findstr /i "go"
[2026-09-11 14:52:27] client-001 -> dir C:\ && echo OK || echo FAIL
[2026-09-11 14:53:08] client-001 -> whoami && hostname && ver
[2026-09-11 14:59:44] client-001 -> whoami && hostname && ver
[2026-09-11 15:00:01] client-001 -> dir C:\ && echo OK || echo FAIL
[2026-09-11 15:00:32] client-001 -> ipconfig && systeminfo | findstr /i "OS Name"
[2026-09-11 15:00:56] client-001 -> tasklist | findstr /i "go"